2026-09-27 13:19:36.152 WARNING (SyncWorker_0) [homeassistant.loader] We found a custom integration ble_monitor which has not been tested by Home Assistant. This component might cause stability problems, be sure to disable it if you experience issues with Home Assistant
2026-09-27 13:19:36.159 WARNING (SyncWorker_0) [homeassistant.loader] We found a custom integration sihas which has not been tested by Home Assistant. This component might cause stability problems, be sure to disable it if you experience issues with Home Assistant
2026-09-27 13:19:36.162 WARNING (SyncWorker_0) [homeassistant.loader] We found a custom integration mbapi2020 which has not been tested by Home Assistant. This component might cause stability problems, be sure to disable it if you experience issues with Home Assistant
2026-09-27 13:19:36.166 WARNING (SyncWorker_0) [homeassistant.loader] We found a custom integration rustuya which has not been tested by Home Assistant. This component might cause stability problems, be sure to disable it if you experience issues with Home Assistant
2026-09-27 13:19:36.169 WARNING (SyncWorker_0) [homeassistant.loader] We found a custom integration rf_converter which has not been tested by Home Assistant. This component might cause stability problems, be sure to disable it if you experience issues with Home Assistant
2026-09-27 13:19:36.172 WARNING (SyncWorker_0) [homeassistant.loader] We found a custom integration pyscript which has not been tested by Home Assistant. This component might cause stability problems, be sure to disable it if you experience issues with Home Assistant
2026-09-27 13:19:36.175 WARNING (SyncWorker_0) [homeassistant.loader] We found a custom integration zigbang_doorlock which has not been tested by Home Assistant. This component might cause stability problems, be sure to disable it if you experience issues with Home Assistant
2026-09-27 13:19:36.179 WARNING (SyncWorker_0) [homeassistant.loader] We found a custom integration ildevice which has not been tested by Home Assistant. This component might cause stability problems, be sure to disable it if you experience issues with Home Assistant
2026-09-27 13:19:36.183 WARNING (SyncWorker_0) [homeassistant.loader] We found a custom integration hacs which has not been tested by Home Assistant. This component might cause stability problems, be sure to disable it if you experience issues with Home Assistant
2026-09-27 13:19:36.186 WARNING (SyncWorker_0) [homeassistant.loader] We found a custom integration weathernews which has not been tested by Home Assistant. This component might cause stability problems, be sure to disable it if you experience issues with Home Assistant
2026-09-27 13:19:36.190 WARNING (SyncWorker_0) [homeassistant.loader] We found a custom integration xiaomi_home which has not been tested by Home Assistant. This component might cause stability problems, be sure to disable it if you experience issues with Home Assistant
2026-09-27 13:19:36.194 WARNING (SyncWorker_0) [homeassistant.loader] We found a custom integration webrtc which has not been tested by Home Assistant. This component might cause stability problems, be sure to disable it if you experience issues with Home Assistant
2026-09-27 13:19:54.719 ERROR (SyncWorker_0) [homeassistant.util.package] Unable to install package rustuya-local>=0.0.17: × No solution found when resolving dependencies:
  ╰─▶ Because only rustuya-local<=0.0.16 is available and you require
      rustuya-local>=0.0.17, we can conclude that your requirements are
      unsatisfiable.
2026-09-27 13:19:56.146 WARNING (ImportExecutor_0) [custom_components.ble_monitor.bt_helpers] There are no BT controllers present in the system!
2026-09-27 13:20:20.439 WARNING (ImportExecutor_0) [homeassistant.const] The deprecated constant CONCENTRATION_MICROGRAMS_PER_CUBIC_METER was used from sihas. It will be removed in HA Core 2027.8. Use UnitOfDensity.MICROGRAMS_PER_CUBIC_METER instead, please report it to the author of the 'sihas' custom integration
2026-09-27 13:20:20.458 WARNING (ImportExecutor_0) [homeassistant.const] The deprecated constant CONCENTRATION_PARTS_PER_BILLION was used from sihas. It will be removed in HA Core 2027.8. Use UnitOfRatio.PARTS_PER_BILLION instead, please report it to the author of the 'sihas' custom integration
2026-09-27 13:20:20.478 WARNING (ImportExecutor_0) [homeassistant.const] The deprecated constant CONCENTRATION_PARTS_PER_MILLION was used from sihas. It will be removed in HA Core 2027.8. Use UnitOfRatio.PARTS_PER_MILLION instead, please report it to the author of the 'sihas' custom integration
2026-09-27 13:20:22.460 WARNING (MainThread) [homeassistant.helpers.frame] Detected that integration 'ipp' passes a non-string value of type list as sw_version to the device registry at homeassistant/components/ipp/sensor.py, line 126: async_add_entities(sensors, True). This will stop working in Home Assistant 2026.12.0, please create a bug report at https://github.com/home-assistant/core/issues?q=is%3Aopen+is%3Aissue+label%3A%22integration%3A+ipp%22
2026-09-27 13:20:23.031 WARNING (MainThread) [homeassistant.helpers.frame] Detected code that passes a non-string value of type list as sw_version to the device registry. This will stop working in Home Assistant 2026.12.0, please report this issue
Stack (most recent call last):
  File "<frozen runpy>", line 203, in _run_module_as_main
  File "<frozen runpy>", line 88, in _run_code
  File "/usr/src/homeassistant/homeassistant/__main__.py", line 227, in <module>
    sys.exit(main())
  File "/usr/src/homeassistant/homeassistant/__main__.py", line 213, in main
    exit_code = runner.run(runtime_conf)
  File "/usr/src/homeassistant/homeassistant/runner.py", line 280, in run
    return loop.run_until_complete(setup_and_run_hass(runtime_config))
  File "/usr/local/lib/python3.14/asyncio/base_events.py", line 706, in run_until_complete
    self.run_forever()
  File "/usr/local/lib/python3.14/asyncio/base_events.py", line 677, in run_forever
    self._run_once()
  File "/usr/local/lib/python3.14/asyncio/base_events.py", line 2056, in _run_once
    handle._run()
  File "/usr/local/lib/python3.14/asyncio/events.py", line 94, in _run
    self._context.run(self._callback, *self._args)
  File "/usr/src/homeassistant/homeassistant/helpers/entity_platform.py", line 971, in _async_add_entity
    device = dev_reg.async_get_or_create(
  File "/usr/src/homeassistant/homeassistant/helpers/device_registry.py", line 2271, in async_get_or_create
    validated_fields = _validate_device_info_fields(
  File "/usr/src/homeassistant/homeassistant/helpers/device_registry.py", line 332, in _validate_device_info_fields
    "sw_version": _validate_str("sw_version", fields["sw_version"]),
  File "/usr/src/homeassistant/homeassistant/helpers/device_registry.py", line 299, in _validate_str
    report_usage(
  File "/usr/src/homeassistant/homeassistant/helpers/frame.py", line 218, in report_usage
    _report_usage_partial()
  File "/usr/src/homeassistant/homeassistant/helpers/frame.py", line 254, in _report_usage
    _report_usage_no_integration(
  File "/usr/src/homeassistant/homeassistant/helpers/frame.py", line 393, in _report_usage_no_integration
    _LOGGER.warning(msg, stack_info=True)
2026-09-27 13:20:31.898 WARNING (MainThread) [homeassistant.components.sensor] Setup of sensor platform lg_thinq is taking over 10 seconds.
2026-09-27 13:30:51.697 ERROR (MainThread) [custom_components.pyscript.file.tuya_pwrtracker] 
  File "/config/custom_components/pyscript/decorator.py", line 278, in _call
    result = await data.call_ast_ctx.call_func(self.eval_func, None, **data.func_args)
             ^^^^^^^^^^^^^^^^^^^^^^^^^^^^^^^^^^^^^^^^^^^^^^^^^^^^^^^^^^^^^^^^^^^^^^^^^
  File "/config/pyscript/tuya_pwrtracker.py", line 10, in energy_integrator
    value = new_state.state
            ^^^^^^^^^^^^^^^
AttributeError: 'NoneType' object has no attribute 'state'

2026-09-27 13:30:54.508 ERROR (MainThread) [custom_components.pyscript.file.windowopener] 
  File "/config/custom_components/pyscript/decorator.py", line 278, in _call
    result = await data.call_ast_ctx.call_func(self.eval_func, None, **data.func_args)
             ^^^^^^^^^^^^^^^^^^^^^^^^^^^^^^^^^^^^^^^^^^^^^^^^^^^^^^^^^^^^^^^^^^^^^^^^^
  File "/config/pyscript/windowopener.py", line 35, in balconyhumidity
    if float(sensor.balcony_temperature_humidity_value) < 50 or binary_sensor.outunit_window_contact_doorcontact_state == 'on':
                                                                ^^^^^^^^^^^^^^^^^^^^^^^^^^^^^^^^^^^^^^^^^^^^^^^^^^^^^^
  File "/config/custom_components/pyscript/state.py", line 371, in get
    raise NameError(f"name '{parts[0]}.{parts[1]}' is not defined")
NameError: name 'binary_sensor.outunit_window_contact_doorcontact_state' is not defined

2026-09-27 13:30:55.732 ERROR (MainThread) [custom_components.pyscript.file.windowopener] 
  File "/config/custom_components/pyscript/decorator.py", line 278, in _call
    result = await data.call_ast_ctx.call_func(self.eval_func, None, **data.func_args)
             ^^^^^^^^^^^^^^^^^^^^^^^^^^^^^^^^^^^^^^^^^^^^^^^^^^^^^^^^^^^^^^^^^^^^^^^^^
  File "/config/pyscript/windowopener.py", line 14, in balconyhumidity
    if binary_sensor.balcony_door_contact_doorcontact_state == 'on':
       ^^^^^^^^^^^^^^^^^^^^^^^^^^^^^^^^^^^^^^^^^^^^^^^^^^^^
  File "/config/custom_components/pyscript/state.py", line 371, in get
    raise NameError(f"name '{parts[0]}.{parts[1]}' is not defined")
NameError: name 'binary_sensor.balcony_door_contact_doorcontact_state' is not defined

2026-09-27 13:31:10.642 ERROR (MainThread) [custom_components.pyscript.file.kitchen_light_helper] 
  File "/config/custom_components/pyscript/decorator.py", line 278, in _call
    result = await data.call_ast_ctx.call_func(self.eval_func, None, **data.func_args)
             ^^^^^^^^^^^^^^^^^^^^^^^^^^^^^^^^^^^^^^^^^^^^^^^^^^^^^^^^^^^^^^^^^^^^^^^^^
  File "/config/pyscript/kitchen_light_helper.py", line 26, in kitchen_lightswitch_helper
    if sensor.kitchen_presence_presence_state == 'presence':
       ^^^^^^^^^^^^^^^^^^^^^^^^^^^^^^^^^^^^^^
  File "/config/custom_components/pyscript/state.py", line 371, in get
    raise NameError(f"name '{parts[0]}.{parts[1]}' is not defined")
NameError: name 'sensor.kitchen_presence_presence_state' is not defined

2026-09-27 13:31:26.887 WARNING (MainThread) [homeassistant.helpers.service] Referenced entities number.balcony_lightswitch_countdown_1 are missing or not currently available
2026-09-27 13:31:28.467 ERROR (MainThread) [custom_components.pyscript.file.tuya_pwrtracker] 
  File "/config/custom_components/pyscript/decorator.py", line 278, in _call
    result = await data.call_ast_ctx.call_func(self.eval_func, None, **data.func_args)
             ^^^^^^^^^^^^^^^^^^^^^^^^^^^^^^^^^^^^^^^^^^^^^^^^^^^^^^^^^^^^^^^^^^^^^^^^^
  File "/config/pyscript/tuya_pwrtracker.py", line 10, in energy_integrator
    value = new_state.state
            ^^^^^^^^^^^^^^^
AttributeError: 'NoneType' object has no attribute 'state'

2026-09-27 13:31:28.560 ERROR (MainThread) [custom_components.pyscript.file.tuya_pwrmanage.power_manager_starter] 
  File "/config/custom_components/pyscript/decorator.py", line 278, in _call
    result = await data.call_ast_ctx.call_func(self.eval_func, None, **data.func_args)
             ^^^^^^^^^^^^^^^^^^^^^^^^^^^^^^^^^^^^^^^^^^^^^^^^^^^^^^^^^^^^^^^^^^^^^^^^^
  File "/config/pyscript/tuya_pwrmanage.py", line 46, in power_manager_func
    current = float(state.get(f"sensor.{entity}_plug_cur_current"))
                    ~~~~~~~~~^^^^^^^^^^^^^^^^^^^^^^^^^^^^^^^^^^^^^
  File "/config/custom_components/pyscript/state.py", line 371, in get
    raise NameError(f"name '{parts[0]}.{parts[1]}' is not defined")
NameError: name 'sensor.minix_plug_cur_current' is not defined

2026-09-27 13:31:28.998 ERROR (MainThread) [custom_components.pyscript.file.tuya_pwrmanage.power_manager_starter] 
  File "/config/custom_components/pyscript/decorator.py", line 278, in _call
    result = await data.call_ast_ctx.call_func(self.eval_func, None, **data.func_args)
             ^^^^^^^^^^^^^^^^^^^^^^^^^^^^^^^^^^^^^^^^^^^^^^^^^^^^^^^^^^^^^^^^^^^^^^^^^
  File "/config/pyscript/tuya_pwrmanage.py", line 56, in power_manager_func2
    if kwargs.get("value", "") == "on" or state.get(f"switch.{entity}_plug_switch_1") == "on":
                                          ~~~~~~~~~^^^^^^^^^^^^^^^^^^^^^^^^^^^^^^^^^^
  File "/config/custom_components/pyscript/state.py", line 371, in get
    raise NameError(f"name '{parts[0]}.{parts[1]}' is not defined")
NameError: name 'switch.minix_plug_switch_1' is not defined

2026-09-27 13:31:30.103 ERROR (MainThread) [custom_components.pyscript.file.tuya_pwrtracker] 
  File "/config/custom_components/pyscript/decorator.py", line 278, in _call
    result = await data.call_ast_ctx.call_func(self.eval_func, None, **data.func_args)
             ^^^^^^^^^^^^^^^^^^^^^^^^^^^^^^^^^^^^^^^^^^^^^^^^^^^^^^^^^^^^^^^^^^^^^^^^^
  File "/config/pyscript/tuya_pwrtracker.py", line 10, in energy_integrator
    value = new_state.state
            ^^^^^^^^^^^^^^^
AttributeError: 'NoneType' object has no attribute 'state'

2026-09-27 13:31:34.027 WARNING (MainThread) [custom_components.pyscript.file.tuya_linkentities.linked_switch_func] Error in linked_switch_func for ('switch.powder_lightswitch_switch_1', 'switch.powder2_lightswitch_switch_1'): name 'switch.powder_lightswitch_switch_1' is not defined
2026-09-27 13:31:44.929 WARNING (MainThread) [homeassistant.helpers.service] Referenced entities number.utility_lightswitch_countdown_2 are missing or not currently available
2026-09-27 13:32:10.295 ERROR (MainThread) [custom_components.pyscript.file.tuya_pwrtracker] 
  File "/config/custom_components/pyscript/decorator.py", line 278, in _call
    result = await data.call_ast_ctx.call_func(self.eval_func, None, **data.func_args)
             ^^^^^^^^^^^^^^^^^^^^^^^^^^^^^^^^^^^^^^^^^^^^^^^^^^^^^^^^^^^^^^^^^^^^^^^^^
  File "/config/pyscript/tuya_pwrtracker.py", line 10, in energy_integrator
    value = new_state.state
            ^^^^^^^^^^^^^^^
AttributeError: 'NoneType' object has no attribute 'state'

2026-09-27 13:32:11.782 ERROR (MainThread) [custom_components.pyscript.file.windowopener] 
  File "/config/custom_components/pyscript/decorator.py", line 278, in _call
    result = await data.call_ast_ctx.call_func(self.eval_func, None, **data.func_args)
             ^^^^^^^^^^^^^^^^^^^^^^^^^^^^^^^^^^^^^^^^^^^^^^^^^^^^^^^^^^^^^^^^^^^^^^^^^
  File "/config/pyscript/windowopener.py", line 14, in balconyhumidity
    if binary_sensor.balcony_door_contact_doorcontact_state == 'on':
       ^^^^^^^^^^^^^^^^^^^^^^^^^^^^^^^^^^^^^^^^^^^^^^^^^^^^
  File "/config/custom_components/pyscript/state.py", line 371, in get
    raise NameError(f"name '{parts[0]}.{parts[1]}' is not defined")
NameError: name 'binary_sensor.balcony_door_contact_doorcontact_state' is not defined

2026-09-27 13:32:13.219 ERROR (MainThread) [custom_components.pyscript.file.tuya_pwrtracker] 
  File "/config/custom_components/pyscript/decorator.py", line 278, in _call
    result = await data.call_ast_ctx.call_func(self.eval_func, None, **data.func_args)
             ^^^^^^^^^^^^^^^^^^^^^^^^^^^^^^^^^^^^^^^^^^^^^^^^^^^^^^^^^^^^^^^^^^^^^^^^^
  File "/config/pyscript/tuya_pwrtracker.py", line 10, in energy_integrator
    value = new_state.state
            ^^^^^^^^^^^^^^^
AttributeError: 'NoneType' object has no attribute 'state'

2026-09-27 13:32:13.534 ERROR (MainThread) [custom_components.pyscript.file.tuya_pwrmanage.power_manager_starter] 
  File "/config/custom_components/pyscript/decorator.py", line 278, in _call
    result = await data.call_ast_ctx.call_func(self.eval_func, None, **data.func_args)
             ^^^^^^^^^^^^^^^^^^^^^^^^^^^^^^^^^^^^^^^^^^^^^^^^^^^^^^^^^^^^^^^^^^^^^^^^^
  File "/config/pyscript/tuya_pwrmanage.py", line 56, in power_manager_func2
    if kwargs.get("value", "") == "on" or state.get(f"switch.{entity}_plug_switch_1") == "on":
                                          ~~~~~~~~~^^^^^^^^^^^^^^^^^^^^^^^^^^^^^^^^^^
  File "/config/custom_components/pyscript/state.py", line 371, in get
    raise NameError(f"name '{parts[0]}.{parts[1]}' is not defined")
NameError: name 'switch.utility_plug_switch_1' is not defined

2026-09-27 13:32:18.359 WARNING (MainThread) [custom_components.pyscript.file.tuya_linkentities.linked_switch_func] Error in linked_switch_func for ('switch.living_lightswitch_switch_1', 'switch.utility_lightswitch_switch_1'): name 'switch.utility_lightswitch_switch_1' is not defined
2026-09-27 13:32:21.129 WARNING (MainThread) [custom_components.pyscript.file.tuya_linkentities.linked_switch_func] Error in linked_switch_func for ('switch.balcony_lightswitch_switch_1', 'switch.balcony_mod_switch_1'): name 'switch.balcony_lightswitch_switch_1' is not defined
2026-09-27 13:32:22.342 ERROR (MainThread) [custom_components.pyscript.file.tuya_linkentities.linked_entities_starter] 
  File "/config/custom_components/pyscript/decorator.py", line 278, in _call
    result = await data.call_ast_ctx.call_func(self.eval_func, None, **data.func_args)
             ^^^^^^^^^^^^^^^^^^^^^^^^^^^^^^^^^^^^^^^^^^^^^^^^^^^^^^^^^^^^^^^^^^^^^^^^^
  File "/config/pyscript/tuya_linkentities.py", line 39, in linked_curtain_func
    position = float(state.get(f"{curtain_id}.current_position"))
                     ~~~~~~~~~^^^^^^^^^^^^^^^^^^^^^^^^^^^^^^^^^^
  File "/config/custom_components/pyscript/state.py", line 371, in get
    raise NameError(f"name '{parts[0]}.{parts[1]}' is not defined")
NameError: name 'cover.master_curtain' is not defined

2026-09-27 13:32:22.350 ERROR (MainThread) [custom_components.pyscript.file.tuya_linkentities.linked_entities_starter] 
  File "/config/custom_components/pyscript/decorator.py", line 278, in _call
    result = await data.call_ast_ctx.call_func(self.eval_func, None, **data.func_args)
             ^^^^^^^^^^^^^^^^^^^^^^^^^^^^^^^^^^^^^^^^^^^^^^^^^^^^^^^^^^^^^^^^^^^^^^^^^
  File "/config/pyscript/tuya_linkentities.py", line 39, in linked_curtain_func
    position = float(state.get(f"{curtain_id}.current_position"))
                     ~~~~~~~~~^^^^^^^^^^^^^^^^^^^^^^^^^^^^^^^^^^
  File "/config/custom_components/pyscript/state.py", line 371, in get
    raise NameError(f"name '{parts[0]}.{parts[1]}' is not defined")
NameError: name 'cover.master_curtain' is not defined

2026-09-27 13:32:25.761 WARNING (MainThread) [homeassistant.helpers.service] Referenced entities number.public_lightswitch_countdown_1 are missing or not currently available
2026-09-27 13:32:25.806 WARNING (MainThread) [homeassistant.helpers.service] Referenced entities number.public_lightswitch_countdown_2 are missing or not currently available
2026-09-27 13:32:27.151 WARNING (MainThread) [custom_components.pyscript.file.tuya_linkentities.linked_switch_func] Error in linked_switch_func for ('switch.wallpad_mod_switch_4', 'binary_sensor.entry_door_contact_doorcontact_state'): name 'switch.wallpad_mod_switch_4' is not defined
2026-09-27 13:32:31.722 ERROR (MainThread) [custom_components.pyscript.file.tuya_linkentities.linked_entities_starter] 
  File "/config/custom_components/pyscript/decorator.py", line 278, in _call
    result = await data.call_ast_ctx.call_func(self.eval_func, None, **data.func_args)
             ^^^^^^^^^^^^^^^^^^^^^^^^^^^^^^^^^^^^^^^^^^^^^^^^^^^^^^^^^^^^^^^^^^^^^^^^^
  File "/config/pyscript/tuya_linkentities.py", line 39, in linked_curtain_func
    position = float(state.get(f"{curtain_id}.current_position"))
                     ~~~~~~~~~^^^^^^^^^^^^^^^^^^^^^^^^^^^^^^^^^^
  File "/config/custom_components/pyscript/state.py", line 371, in get
    raise NameError(f"name '{parts[0]}.{parts[1]}' is not defined")
NameError: name 'cover.master_curtain' is not defined

2026-09-27 13:32:33.068 WARNING (MainThread) [homeassistant.helpers.service] Referenced entities number.private_lightswitch_countdown_1 are missing or not currently available
2026-09-27 13:32:33.111 WARNING (MainThread) [homeassistant.helpers.service] Referenced entities number.private_lightswitch_countdown_2 are missing or not currently available
2026-09-27 13:32:38.875 ERROR (MainThread) [custom_components.pyscript.file.tuya_pwrtracker] 
  File "/config/custom_components/pyscript/decorator.py", line 278, in _call
    result = await data.call_ast_ctx.call_func(self.eval_func, None, **data.func_args)
             ^^^^^^^^^^^^^^^^^^^^^^^^^^^^^^^^^^^^^^^^^^^^^^^^^^^^^^^^^^^^^^^^^^^^^^^^^
  File "/config/pyscript/tuya_pwrtracker.py", line 10, in energy_integrator
    value = new_state.state
            ^^^^^^^^^^^^^^^
AttributeError: 'NoneType' object has no attribute 'state'

2026-09-27 13:32:43.099 ERROR (MainThread) [custom_components.pyscript.file.tuya_pwrtracker] 
  File "/config/custom_components/pyscript/decorator.py", line 278, in _call
    result = await data.call_ast_ctx.call_func(self.eval_func, None, **data.func_args)
             ^^^^^^^^^^^^^^^^^^^^^^^^^^^^^^^^^^^^^^^^^^^^^^^^^^^^^^^^^^^^^^^^^^^^^^^^^
  File "/config/pyscript/tuya_pwrtracker.py", line 10, in energy_integrator
    value = new_state.state
            ^^^^^^^^^^^^^^^
AttributeError: 'NoneType' object has no attribute 'state'

